
> my-v0-project@0.1.0 build
> next build

  Γû▓ Next.js 14.2.25
  - Environments: .env.local

   Creating an optimized production build ...
 Γ£ô Compiled successfully
   Linting and checking validity of types ...
   Collecting page data ...
   Generating static pages (0/128) ...
node.exe : Error in GET 
/api/hr/attendance/records: 
n [Error]: Dynamic server 
usage: Route /api/v1/hr/atte
ndance/records couldn't be 
rendered statically because 
it used `cookies`. See more 
info here: https://nextjs.or
g/docs/messages/dynamic-serv
er-error
At line:1 char:1
+ & "C:\Program 
Files\nodejs/node.exe" 
"C:\Program 
Files\nodejs/node_mo ...
+ ~~~~~~~~~~~~~~~~~~~~~~~~~~
~~~~~~~~~~~~~~~~~~~~~~~~~~~~
~~~~~~~~~~~~~~~
    + CategoryInfo          
    : NotSpecified: (Error  
   in GET /a...ic-server-   
 error:String) [], Remot    
eException
    + FullyQualifiedErrorId 
    : NativeCommandError
 
    at l (C:\Users\IT_COMMS\
GitHubProjects\ACOB-Signatur
e-Creator\.next\server\chunk
s\8948.js:1:37158)
    at u (C:\Users\IT_COMMS\
GitHubProjects\ACOB-Signatur
e-Creator\.next\server\chunk
s\7462.js:38:48601)
    at a (C:\Users\IT_COMMS\
GitHubProjects\ACOB-Signatur
e-Creator\.next\server\app\a
pi\auth\create-profile\route
.js:1:2611)
    at d (C:\Users\IT_COMMS\
GitHubProjects\ACOB-Signatur
e-Creator\.next\server\app\a
pi\v1\hr\attendance\records\
route.js:1:1065)
    at C:\Users\IT_COMMS\Git
HubProjects\ACOB-Signature-C
reator\node_modules\next\dis
t\compiled\next-server\app-r
oute.runtime.prod.js:6:38417
    at C:\Users\IT_COMMS\Git
HubProjects\ACOB-Signature-C
reator\node_modules\next\dis
t\server\lib\trace\tracer.js
:140:36
    at 
NoopContextManager.with (C:\
Users\IT_COMMS\GitHubProject
s\ACOB-Signature-Creator\nod
e_modules\next\dist\compiled
\@opentelemetry\api\index.js
:1:7062)
    at ContextAPI.with (C:\U
sers\IT_COMMS\GitHubProjects
\ACOB-Signature-Creator\node
_modules\next\dist\compiled\
@opentelemetry\api\index.js:
1:518)
    at 
NoopTracer.startActiveSpan (
C:\Users\IT_COMMS\GitHubProj
ects\ACOB-Signature-Creator\
node_modules\next\dist\compi
led\@opentelemetry\api\index
.js:1:18093)
    at 
ProxyTracer.startActiveSpan 
(C:\Users\IT_COMMS\GitHubPro
jects\ACOB-Signature-Creator
\node_modules\next\dist\comp
iled\@opentelemetry\api\inde
x.js:1:18854) {
  description: "Route /api/v
1/hr/attendance/records 
couldn't be rendered 
statically because it used 
`cookies`. See more info 
here: https://nextjs.org/doc
s/messages/dynamic-server-er
ror",
  digest: 
'DYNAMIC_SERVER_USAGE'
}
Error in GET 
/api/hr/leave/balances: n 
[Error]: Dynamic server 
usage: Route 
/api/v1/hr/leave/balances 
couldn't be rendered 
statically because it used 
`cookies`. See more info 
here: https://nextjs.org/doc
s/messages/dynamic-server-er
ror
    at l (C:\Users\IT_COMMS\
GitHubProjects\ACOB-Signatur
e-Creator\.next\server\chunk
s\8948.js:1:37158)
    at u (C:\Users\IT_COMMS\
GitHubProjects\ACOB-Signatur
e-Creator\.next\server\chunk
s\7462.js:38:48601)
    at o (C:\Users\IT_COMMS\
GitHubProjects\ACOB-Signatur
e-Creator\.next\server\app\a
pi\admin\users\invite\route.
js:1:3734)
    at l (C:\Users\IT_COMMS\
GitHubProjects\ACOB-Signatur
e-Creator\.next\server\app\a
pi\v1\hr\leave\balances\rout
e.js:1:1065)
    at C:\Users\IT_COMMS\Git
HubProjects\ACOB-Signature-C
reator\node_modules\next\dis
t\compiled\next-server\app-r
oute.runtime.prod.js:6:38417
    at C:\Users\IT_COMMS\Git
HubProjects\ACOB-Signature-C
reator\node_modules\next\dis
t\server\lib\trace\tracer.js
:140:36
    at 
NoopContextManager.with (C:\
Users\IT_COMMS\GitHubProject
s\ACOB-Signature-Creator\nod
e_modules\next\dist\compiled
\@opentelemetry\api\index.js
:1:7062)
    at ContextAPI.with (C:\U
sers\IT_COMMS\GitHubProjects
\ACOB-Signature-Creator\node
_modules\next\dist\compiled\
@opentelemetry\api\index.js:
1:518)
    at 
NoopTracer.startActiveSpan (
C:\Users\IT_COMMS\GitHubProj
ects\ACOB-Signature-Creator\
node_modules\next\dist\compi
led\@opentelemetry\api\index
.js:1:18093)
    at 
ProxyTracer.startActiveSpan 
(C:\Users\IT_COMMS\GitHubPro
jects\ACOB-Signature-Creator
\node_modules\next\dist\comp
iled\@opentelemetry\api\inde
x.js:1:18854) {
  description: "Route 
/api/v1/hr/leave/balances 
couldn't be rendered 
statically because it used 
`cookies`. See more info 
here: https://nextjs.org/doc
s/messages/dynamic-server-er
ror",
  digest: 
'DYNAMIC_SERVER_USAGE'
}
Error in GET 
/api/hr/leave/types: n 
[Error]: Dynamic server 
usage: Route 
/api/v1/hr/leave/types 
couldn't be rendered 
statically because it used 
`cookies`. See more info 
here: https://nextjs.org/doc
s/messages/dynamic-server-er
ror
    at l (C:\Users\IT_COMMS\
GitHubProjects\ACOB-Signatur
e-Creator\.next\server\chunk
s\8948.js:1:37158)
    at u (C:\Users\IT_COMMS\
GitHubProjects\ACOB-Signatur
e-Creator\.next\server\chunk
s\7462.js:38:48601)
    at o (C:\Users\IT_COMMS\
GitHubProjects\ACOB-Signatur
e-Creator\.next\server\app\a
pi\hr\attendance\clock-in\ro
ute.js:1:2572)
    at u (C:\Users\IT_COMMS\
GitHubProjects\ACOB-Signatur
e-Creator\.next\server\app\a
pi\v1\hr\leave\types\route.j
s:1:1065)
    at C:\Users\IT_COMMS\Git
HubProjects\ACOB-Signature-C
reator\node_modules\next\dis
t\compiled\next-server\app-r
oute.runtime.prod.js:6:38417
    at C:\Users\IT_COMMS\Git
HubProjects\ACOB-Signature-C
reator\node_modules\next\dis
t\server\lib\trace\tracer.js
:140:36
    at 
NoopContextManager.with (C:\
Users\IT_COMMS\GitHubProject
s\ACOB-Signature-Creator\nod
e_modules\next\dist\compiled
\@opentelemetry\api\index.js
:1:7062)
    at ContextAPI.with (C:\U
sers\IT_COMMS\GitHubProjects
\ACOB-Signature-Creator\node
_modules\next\dist\compiled\
@opentelemetry\api\index.js:
1:518)
    at 
NoopTracer.startActiveSpan (
C:\Users\IT_COMMS\GitHubProj
ects\ACOB-Signature-Creator\
node_modules\next\dist\compi
led\@opentelemetry\api\index
.js:1:18093)
    at 
ProxyTracer.startActiveSpan 
(C:\Users\IT_COMMS\GitHubPro
jects\ACOB-Signature-Creator
\node_modules\next\dist\comp
iled\@opentelemetry\api\inde
x.js:1:18854) {
  description: "Route 
/api/v1/hr/leave/types 
couldn't be rendered 
statically because it used 
`cookies`. See more info 
here: https://nextjs.org/doc
s/messages/dynamic-server-er
ror",
  digest: 
'DYNAMIC_SERVER_USAGE'
}
Error in GET 
/api/hr/performance/cycles: 
n [Error]: Dynamic server 
usage: Route /api/v1/hr/perf
ormance/cycles couldn't be 
rendered statically because 
it used `cookies`. See more 
info here: https://nextjs.or
g/docs/messages/dynamic-serv
er-error
    at l (C:\Users\IT_COMMS\
GitHubProjects\ACOB-Signatur
e-Creator\.next\server\chunk
s\8948.js:1:37158)
    at u (C:\Users\IT_COMMS\
GitHubProjects\ACOB-Signatur
e-Creator\.next\server\chunk
s\7462.js:38:48601)
    at o (C:\Users\IT_COMMS\
GitHubProjects\ACOB-Signatur
e-Creator\.next\server\app\a
pi\hr\leave\approve\route.js
:1:3781)
    at p (C:\Users\IT_COMMS\
GitHubProjects\ACOB-Signatur
e-Creator\.next\server\app\a
pi\v1\hr\performance\cycles\
route.js:1:1065)
    at C:\Users\IT_COMMS\Git
HubProjects\ACOB-Signature-C
reator\node_modules\next\dis
t\compiled\next-server\app-r
oute.runtime.prod.js:6:38417
    at C:\Users\IT_COMMS\Git
HubProjects\ACOB-Signature-C
reator\node_modules\next\dis
t\server\lib\trace\tracer.js
:140:36
    at 
NoopContextManager.with (C:\
Users\IT_COMMS\GitHubProject
s\ACOB-Signature-Creator\nod
e_modules\next\dist\compiled
\@opentelemetry\api\index.js
:1:7062)
    at ContextAPI.with (C:\U
sers\IT_COMMS\GitHubProjects
\ACOB-Signature-Creator\node
_modules\next\dist\compiled\
@opentelemetry\api\index.js:
1:518)
    at 
NoopTracer.startActiveSpan (
C:\Users\IT_COMMS\GitHubProj
ects\ACOB-Signature-Creator\
node_modules\next\dist\compi
led\@opentelemetry\api\index
.js:1:18093)
    at 
ProxyTracer.startActiveSpan 
(C:\Users\IT_COMMS\GitHubPro
jects\ACOB-Signature-Creator
\node_modules\next\dist\comp
iled\@opentelemetry\api\inde
x.js:1:18854) {
  description: "Route /api/v
1/hr/performance/cycles 
couldn't be rendered 
statically because it used 
`cookies`. See more info 
here: https://nextjs.org/doc
s/messages/dynamic-server-er
ror",
  digest: 
'DYNAMIC_SERVER_USAGE'
}
Error in GET 
/api/hr/leave/types: n 
[Error]: Dynamic server 
usage: Route 
/api/hr/leave/types 
couldn't be rendered 
statically because it used 
`cookies`. See more info 
here: https://nextjs.org/doc
s/messages/dynamic-server-er
ror
    at l (C:\Users\IT_COMMS\
GitHubProjects\ACOB-Signatur
e-Creator\.next\server\chunk
s\8948.js:1:37158)
    at u (C:\Users\IT_COMMS\
GitHubProjects\ACOB-Signatur
e-Creator\.next\server\chunk
s\7462.js:38:48601)
    at a (C:\Users\IT_COMMS\
GitHubProjects\ACOB-Signatur
e-Creator\.next\server\app\a
pi\auth\create-profile\route
.js:1:2611)
    at u (C:\Users\IT_COMMS\
GitHubProjects\ACOB-Signatur
e-Creator\.next\server\app\a
pi\hr\leave\types\route.js:1
:1065)
    at C:\Users\IT_COMMS\Git
HubProjects\ACOB-Signature-C
reator\node_modules\next\dis
t\compiled\next-server\app-r
oute.runtime.prod.js:6:38417
    at C:\Users\IT_COMMS\Git
HubProjects\ACOB-Signature-C
reator\node_modules\next\dis
t\server\lib\trace\tracer.js
:140:36
    at 
NoopContextManager.with (C:\
Users\IT_COMMS\GitHubProject
s\ACOB-Signature-Creator\nod
e_modules\next\dist\compiled
\@opentelemetry\api\index.js
:1:7062)
    at ContextAPI.with (C:\U
sers\IT_COMMS\GitHubProjects
\ACOB-Signature-Creator\node
_modules\next\dist\compiled\
@opentelemetry\api\index.js:
1:518)
    at 
NoopTracer.startActiveSpan (
C:\Users\IT_COMMS\GitHubProj
ects\ACOB-Signature-Creator\
node_modules\next\dist\compi
led\@opentelemetry\api\index
.js:1:18093)
    at 
ProxyTracer.startActiveSpan 
(C:\Users\IT_COMMS\GitHubPro
jects\ACOB-Signature-Creator
\node_modules\next\dist\comp
iled\@opentelemetry\api\inde
x.js:1:18854) {
  description: "Route 
/api/hr/leave/types 
couldn't be rendered 
statically because it used 
`cookies`. See more info 
here: https://nextjs.org/doc
s/messages/dynamic-server-er
ror",
  digest: 
'DYNAMIC_SERVER_USAGE'
}
Error in GET 
/api/hr/performance/cycles: 
n [Error]: Dynamic server 
usage: Route 
/api/hr/performance/cycles 
couldn't be rendered 
statically because it used 
`cookies`. See more info 
here: https://nextjs.org/doc
s/messages/dynamic-server-er
ror
    at l (C:\Users\IT_COMMS\
GitHubProjects\ACOB-Signatur
e-Creator\.next\server\chunk
s\8948.js:1:37158)
    at u (C:\Users\IT_COMMS\
GitHubProjects\ACOB-Signatur
e-Creator\.next\server\chunk
s\7462.js:38:48601)
    at n (C:\Users\IT_COMMS\
GitHubProjects\ACOB-Signatur
e-Creator\.next\server\app\a
pi\admin\create-user\route.j
s:1:4498)
    at p (C:\Users\IT_COMMS\
GitHubProjects\ACOB-Signatur
e-Creator\.next\server\app\a
pi\hr\performance\cycles\rou
te.js:1:1065)
    at C:\Users\IT_COMMS\Git
HubProjects\ACOB-Signature-C
reator\node_modules\next\dis
t\compiled\next-server\app-r
oute.runtime.prod.js:6:38417
    at C:\Users\IT_COMMS\Git
HubProjects\ACOB-Signature-C
reator\node_modules\next\dis
t\server\lib\trace\tracer.js
:140:36
    at 
NoopContextManager.with (C:\
Users\IT_COMMS\GitHubProject
s\ACOB-Signature-Creator\nod
e_modules\next\dist\compiled
\@opentelemetry\api\index.js
:1:7062)
    at ContextAPI.with (C:\U
sers\IT_COMMS\GitHubProjects
\ACOB-Signature-Creator\node
_modules\next\dist\compiled\
@opentelemetry\api\index.js:
1:518)
    at 
NoopTracer.startActiveSpan (
C:\Users\IT_COMMS\GitHubProj
ects\ACOB-Signature-Creator\
node_modules\next\dist\compi
led\@opentelemetry\api\index
.js:1:18093)
    at 
ProxyTracer.startActiveSpan 
(C:\Users\IT_COMMS\GitHubPro
jects\ACOB-Signature-Creator
\node_modules\next\dist\comp
iled\@opentelemetry\api\inde
x.js:1:18854) {
  description: "Route 
/api/hr/performance/cycles 
couldn't be rendered 
statically because it used 
`cookies`. See more info 
here: https://nextjs.org/doc
s/messages/dynamic-server-er
ror",
  digest: 
'DYNAMIC_SERVER_USAGE'
}
Error in GET 
/api/hr/attendance/records: 
n [Error]: Dynamic server 
usage: Route 
/api/hr/attendance/records 
couldn't be rendered 
statically because it used 
`cookies`. See more info 
here: https://nextjs.org/doc
s/messages/dynamic-server-er
ror
    at l (C:\Users\IT_COMMS\
GitHubProjects\ACOB-Signatur
e-Creator\.next\server\chunk
s\8948.js:1:37158)
    at u (C:\Users\IT_COMMS\
GitHubProjects\ACOB-Signatur
e-Creator\.next\server\chunk
s\7462.js:38:48601)
    at i (C:\Users\IT_COMMS\
GitHubProjects\ACOB-Signatur
e-Creator\.next\server\app\a
pi\admin\employees\next-seri
al\route.js:1:2462)
    at d (C:\Users\IT_COMMS\
GitHubProjects\ACOB-Signatur
e-Creator\.next\server\app\a
pi\hr\attendance\records\rou
te.js:1:1065)
    at C:\Users\IT_COMMS\Git
HubProjects\ACOB-Signature-C
reator\node_modules\next\dis
t\compiled\next-server\app-r
oute.runtime.prod.js:6:38417
    at C:\Users\IT_COMMS\Git
HubProjects\ACOB-Signature-C
reator\node_modules\next\dis
t\server\lib\trace\tracer.js
:140:36
    at 
NoopContextManager.with (C:\
Users\IT_COMMS\GitHubProject
s\ACOB-Signature-Creator\nod
e_modules\next\dist\compiled
\@opentelemetry\api\index.js
:1:7062)
    at ContextAPI.with (C:\U
sers\IT_COMMS\GitHubProjects
\ACOB-Signature-Creator\node
_modules\next\dist\compiled\
@opentelemetry\api\index.js:
1:518)
    at 
NoopTracer.startActiveSpan (
C:\Users\IT_COMMS\GitHubProj
ects\ACOB-Signature-Creator\
node_modules\next\dist\compi
led\@opentelemetry\api\index
.js:1:18093)
    at 
ProxyTracer.startActiveSpan 
(C:\Users\IT_COMMS\GitHubPro
jects\ACOB-Signature-Creator
\node_modules\next\dist\comp
iled\@opentelemetry\api\inde
x.js:1:18854) {
  description: "Route 
/api/hr/attendance/records 
couldn't be rendered 
statically because it used 
`cookies`. See more info 
here: https://nextjs.org/doc
s/messages/dynamic-server-er
ror",
  digest: 
'DYNAMIC_SERVER_USAGE'
}
Error in GET 
/api/hr/leave/balances: n 
[Error]: Dynamic server 
usage: Route 
/api/hr/leave/balances 
couldn't be rendered 
statically because it used 
`cookies`. See more info 
here: https://nextjs.org/doc
s/messages/dynamic-server-er
ror
    at l (C:\Users\IT_COMMS\
GitHubProjects\ACOB-Signatur
e-Creator\.next\server\chunk
s\8948.js:1:37158)
    at u (C:\Users\IT_COMMS\
GitHubProjects\ACOB-Signatur
e-Creator\.next\server\chunk
s\7462.js:38:48601)
    at i (C:\Users\IT_COMMS\
GitHubProjects\ACOB-Signatur
e-Creator\.next\server\chunk
s\7678.js:1:37754)
    at l (C:\Users\IT_COMMS\
GitHubProjects\ACOB-Signatur
e-Creator\.next\server\app\a
pi\hr\leave\balances\route.j
s:1:1064)
    at C:\Users\IT_COMMS\Git
HubProjects\ACOB-Signature-C
reator\node_modules\next\dis
t\compiled\next-server\app-r
oute.runtime.prod.js:6:38417
    at C:\Users\IT_COMMS\Git
HubProjects\ACOB-Signature-C
reator\node_modules\next\dis
t\server\lib\trace\tracer.js
:140:36
    at 
NoopContextManager.with (C:\
Users\IT_COMMS\GitHubProject
s\ACOB-Signature-Creator\nod
e_modules\next\dist\compiled
\@opentelemetry\api\index.js
:1:7062)
    at ContextAPI.with (C:\U
sers\IT_COMMS\GitHubProjects
\ACOB-Signature-Creator\node
_modules\next\dist\compiled\
@opentelemetry\api\index.js:
1:518)
    at 
NoopTracer.startActiveSpan (
C:\Users\IT_COMMS\GitHubProj
ects\ACOB-Signature-Creator\
node_modules\next\dist\compi
led\@opentelemetry\api\index
.js:1:18093)
    at 
ProxyTracer.startActiveSpan 
(C:\Users\IT_COMMS\GitHubPro
jects\ACOB-Signature-Creator
\node_modules\next\dist\comp
iled\@opentelemetry\api\inde
x.js:1:18854) {
  description: "Route 
/api/hr/leave/balances 
couldn't be rendered 
statically because it used 
`cookies`. See more info 
here: https://nextjs.org/doc
s/messages/dynamic-server-er
ror",
  digest: 
'DYNAMIC_SERVER_USAGE'
}
   Generating static pages (32/128) 
   Generating static pages (64/128) 
   Generating static pages (96/128) 
 Γ£ô Generating static pages (128/128)
   Finalizing page optimization ...
   Collecting build traces ...

Route (app)                                 Size     First Load JS
Γöî ╞Æ /                                       353 B          88.1 kB
Γö£ ╞Æ /_not-found                             353 B          88.1 kB
Γö£ ╞Æ /admin                                  190 B          94.8 kB
Γö£ ╞Æ /admin-setup                            190 B          94.8 kB
Γö£ ╞Æ /admin/assets                           24 kB           253 kB
Γö£ ╞Æ /admin/assets/issues                    11.4 kB         189 kB
Γö£ ╞Æ /admin/audit-logs                       11.2 kB         216 kB
Γö£ ╞Æ /admin/documentation                    11 kB           153 kB
Γö£ ╞Æ /admin/feedback                         7.1 kB          212 kB
Γö£ ╞Æ /admin/finance                          6.44 kB         162 kB
Γö£ ╞Æ /admin/finance/bills                    6.34 kB         204 kB
Γö£ ╞Æ /admin/finance/bills/[id]               5.22 kB         170 kB
Γö£ ╞Æ /admin/finance/bills/new                5.27 kB         203 kB
Γö£ ╞Æ /admin/finance/invoices                 6.53 kB         204 kB
Γö£ ╞Æ /admin/finance/invoices/[id]            6.49 kB         172 kB
Γö£ ╞Æ /admin/finance/invoices/new             5.7 kB          203 kB
Γö£ ╞Æ /admin/finance/payments                 201 B           511 kB
Γö£ ╞Æ /admin/finance/payments/[id]            7.7 kB          236 kB
Γö£ ╞Æ /admin/finance/payments/departments     8.84 kB         134 kB
Γö£ ╞Æ /admin/finance/reports                  3.1 kB          191 kB
Γö£ ╞Æ /admin/hr                               6.43 kB         162 kB
Γö£ ╞Æ /admin/hr/attendance/reports            4.94 kB         193 kB
Γö£ ╞Æ /admin/hr/departments                   9.02 kB         187 kB
Γö£ ╞Æ /admin/hr/employees                     17.1 kB         240 kB
Γö£ ╞Æ /admin/hr/employees/[userId]            6.31 kB         180 kB
Γö£ ╞Æ /admin/hr/employees/signature/[userId]  849 B           120 kB
Γö£ ╞Æ /admin/hr/leave/approve                 9.19 kB         177 kB
Γö£ ╞Æ /admin/hr/performance/create            4.91 kB         203 kB
Γö£ ╞Æ /admin/inventory                        6.56 kB         162 kB
Γö£ ╞Æ /admin/inventory/categories             6.26 kB         184 kB
Γö£ ╞Æ /admin/inventory/movements              3.56 kB         201 kB
Γö£ ╞Æ /admin/inventory/products               6.33 kB         204 kB
Γö£ ╞Æ /admin/inventory/products/[id]          4.86 kB         170 kB
Γö£ ╞Æ /admin/inventory/products/[id]/edit     4.47 kB         202 kB
Γö£ ╞Æ /admin/inventory/products/new           5.01 kB         203 kB
Γö£ ╞Æ /admin/inventory/warehouses             7.34 kB         185 kB
Γö£ ╞Æ /admin/job-descriptions                 7.82 kB         213 kB
Γö£ ╞Æ /admin/notification                     10.4 kB         208 kB
Γö£ ╞Æ /admin/onedrive                         10.4 kB         153 kB
Γö£ ╞Æ /admin/payments                         201 B           511 kB
Γö£ ╞Æ /admin/payments/[id]                    7.7 kB          236 kB
Γö£ ╞Æ /admin/payments/departments             8.84 kB         134 kB
Γö£ ╞Æ /admin/projects                         4.38 kB         245 kB
Γö£ ╞Æ /admin/projects/[id]                    9.89 kB         218 kB
Γö£ ╞Æ /admin/purchasing                       6.18 kB         162 kB
Γö£ ╞Æ /admin/purchasing/orders                6.16 kB         204 kB
Γö£ ╞Æ /admin/purchasing/orders/[id]           5.53 kB         171 kB
Γö£ ╞Æ /admin/purchasing/orders/new            5.24 kB         203 kB
Γö£ ╞Æ /admin/purchasing/receipts              3.57 kB         169 kB
Γö£ ╞Æ /admin/purchasing/suppliers             7.71 kB         186 kB
Γö£ ╞Æ /admin/purchasing/suppliers/[id]        5.72 kB         171 kB
Γö£ ╞Æ /admin/purchasing/suppliers/[id]/edit   7.54 kB         173 kB
Γö£ ╞Æ /admin/settings                         4.8 kB          170 kB
Γö£ ╞Æ /admin/settings/company                 4.85 kB         117 kB
Γö£ ╞Æ /admin/settings/roles                   13.8 kB         205 kB
Γö£ ╞Æ /admin/settings/users                   6.46 kB         211 kB
Γö£ ╞Æ /admin/settings/users/invite            7.56 kB         152 kB
Γö£ ╞Æ /admin/staff                            15.2 kB         238 kB
Γö£ ╞Æ /admin/staff/[userId]                   6.31 kB         180 kB
Γö£ ╞Æ /admin/staff/signature/[userId]         849 B           120 kB
Γö£ ╞Æ /admin/tasks                            6.19 kB         162 kB
Γö£ ╞Æ /admin/tasks/action-tracker             4.82 kB         363 kB
Γö£ ╞Æ /admin/tasks/management                 8.11 kB         253 kB
Γö£ ╞Æ /admin/tasks/weekly-reports             6.53 kB         211 kB
Γö£ ╞Æ /api/admin/create-user                  0 B                0 B
Γö£ ╞Æ /api/admin/employees/next-serial        0 B                0 B
Γö£ ╞Æ /api/admin/import-csv                   0 B                0 B
Γö£ ╞Æ /api/admin/users/invite                 0 B                0 B
Γö£ ╞Æ /api/auth/create-profile                0 B                0 B
Γö£ ╞Æ /api/departments                        0 B                0 B
Γö£ ╞Æ /api/departments/[id]                   0 B                0 B
Γö£ ╞Æ /api/hr/attendance/clock-in             0 B                0 B
Γö£ ╞Æ /api/hr/attendance/clock-out            0 B                0 B
Γö£ ╞Æ /api/hr/attendance/records              0 B                0 B
Γö£ ╞Æ /api/hr/leave/approve                   0 B                0 B
Γö£ ╞Æ /api/hr/leave/balances                  0 B                0 B
Γö£ ╞Æ /api/hr/leave/requests                  0 B                0 B
Γö£ ╞Æ /api/hr/leave/types                     0 B                0 B
Γö£ ╞Æ /api/hr/performance/cycles              0 B                0 B
Γö£ ╞Æ /api/hr/performance/goals               0 B                0 B
Γö£ ╞Æ /api/hr/performance/reviews             0 B                0 B
Γö£ ╞Æ /api/onedrive                           0 B                0 B
Γö£ ╞Æ /api/onedrive/download                  0 B                0 B
Γö£ ╞Æ /api/onedrive/preview                   0 B                0 B
Γö£ ╞Æ /api/payments                           0 B                0 B
Γö£ ╞Æ /api/payments/[id]                      0 B                0 B
Γö£ ╞Æ /api/payments/[id]/documents            0 B                0 B
Γö£ ╞Æ /api/payments/categories                0 B                0 B
Γö£ ╞Æ /api/payments/categories/[id]           0 B                0 B
Γö£ ╞Æ /api/profile/update                     0 B                0 B
Γö£ ╞Æ /api/search                             0 B                0 B
Γö£ ╞Æ /api/v1/finance/payments                0 B                0 B
Γö£ ╞Æ /api/v1/finance/payments/[id]           0 B                0 B
Γö£ ╞Æ /api/v1/hr/attendance/clock-in          0 B                0 B
Γö£ ╞Æ /api/v1/hr/attendance/clock-out         0 B                0 B
Γö£ ╞Æ /api/v1/hr/attendance/records           0 B                0 B
Γö£ ╞Æ /api/v1/hr/departments                  0 B                0 B
Γö£ ╞Æ /api/v1/hr/employees/[id]/status        0 B                0 B
Γö£ ╞Æ /api/v1/hr/employees/[id]/suspensions   0 B                0 B
Γö£ ╞Æ /api/v1/hr/leave/approve                0 B                0 B
Γö£ ╞Æ /api/v1/hr/leave/balances               0 B                0 B
Γö£ ╞Æ /api/v1/hr/leave/requests               0 B                0 B
Γö£ ╞Æ /api/v1/hr/leave/types                  0 B                0 B
Γö£ ╞Æ /api/v1/hr/performance/cycles           0 B                0 B
Γö£ ╞Æ /api/v1/hr/performance/goals            0 B                0 B
Γö£ ╞Æ /api/v1/hr/performance/reviews          0 B                0 B
Γö£ ╞Æ /assets                                 7.39 kB         110 kB
Γö£ ╞Æ /auth/callback                          0 B                0 B
Γö£ ╞Æ /auth/error                             190 B          94.8 kB
Γö£ ╞Æ /auth/forgot-password                   5.42 kB         171 kB
Γö£ ╞Æ /auth/login                             5.47 kB         171 kB
Γö£ ╞Æ /auth/reset-password                    5.76 kB         171 kB
Γö£ ╞Æ /auth/sign-up                           4.44 kB         202 kB
Γö£ ╞Æ /auth/sign-up-success                   191 B          94.8 kB
Γö£ ╞Æ /dashboard                              353 B          88.1 kB
Γö£ ╞Æ /dashboard/attendance                   2.17 kB         108 kB
Γö£ ╞Æ /dashboard/attendance/records           3.15 kB         106 kB
Γö£ ╞Æ /dashboard/goals                        4.44 kB         161 kB
Γö£ ╞Æ /dashboard/leave                        6.11 kB         166 kB
Γö£ ╞Æ /dashboard/leave/request                4.5 kB          202 kB
Γö£ ╞Æ /dashboard/reviews                      3.38 kB         106 kB
Γö£ ╞Æ /documentation                          6.89 kB         215 kB
Γö£ ╞Æ /feedback                               3.39 kB         214 kB
Γö£ ╞Æ /job-description                        6.63 kB         172 kB
Γö£ ╞Æ /maintenance                            354 B          88.1 kB
Γö£ ╞Æ /notification                           5.82 kB         213 kB
Γö£ ╞Æ /payments                               201 B           511 kB
Γö£ ╞Æ /payments/[id]                          7.76 kB         236 kB
Γö£ ╞Æ /portal                                 353 B          88.1 kB
Γö£ ╞Æ /portal/assets                          6.48 kB         102 kB
Γö£ ╞Æ /portal/attendance                      1.46 kB         101 kB
Γö£ ╞Æ /portal/attendance/records              3.15 kB         106 kB
Γö£ ╞Æ /portal/documentation                   6.25 kB         208 kB
Γö£ ╞Æ /portal/feedback                        1.63 kB         205 kB
Γö£ ╞Æ /portal/goals                           4 kB            161 kB
Γö£ ╞Æ /portal/leave                           5.48 kB         159 kB
Γö£ ╞Æ /portal/leave/request                   4.5 kB          202 kB
Γö£ ╞Æ /portal/notifications                   5.36 kB         212 kB
Γö£ ╞Æ /portal/payments                        201 B           511 kB
Γö£ ╞Æ /portal/profile                         6.07 kB         117 kB
Γö£ ╞Æ /portal/projects                        5.29 kB         108 kB
Γö£ ╞Æ /portal/projects/[id]                   10.8 kB         179 kB
Γö£ ╞Æ /portal/reviews                         3.37 kB         106 kB
Γö£ ╞Æ /portal/tasks                           6.03 kB         171 kB
Γö£ ╞Æ /portal/tasks/action-tracker            3.16 kB         222 kB
Γö£ ╞Æ /portal/tasks/management                7.84 kB         206 kB
Γö£ ╞Æ /portal/tasks/weekly-reports            6.87 kB         212 kB
Γö£ ╞Æ /portal/tasks/weekly-reports/new        11.4 kB         177 kB
Γö£ ╞Æ /profile                                6.28 kB         117 kB
Γö£ ╞Æ /profile/edit                           5.89 kB         204 kB
Γö£ ╞Æ /projects                               6.01 kB         108 kB
Γö£ ╞Æ /projects/[id]                          10.8 kB         179 kB
Γö£ ╞Æ /signature                              849 B           120 kB
Γö£ ╞Æ /suspended                              6.56 kB         162 kB
Γö£ ╞Æ /tasks                                  353 B          88.1 kB
Γö£ ╞Æ /tools                                  2.87 kB         105 kB
Γö£ ╞Æ /tools/job-description                  6.08 kB         164 kB
Γö£ ╞Æ /tools/signature                        4.33 kB         113 kB
Γö£ ╞Æ /tools/watermark                        334 B           229 kB
Γöö ╞Æ /watermark                              1.31 kB         237 kB
+ First Load JS shared by all               87.8 kB
  Γö£ chunks/2117-5f301744f044b4d0.js         31.8 kB
  Γö£ chunks/fd9d1056-4c7c47cd4dd0ca36.js     53.6 kB
  Γöö other shared chunks (total)             2.37 kB


╞Æ Middleware                                72.4 kB

╞Æ  (Dynamic)  server-rendered on demand

